[2026-06-04 07:30:00] [SYSTEM] Aplikasi MindFlow dijalankan.
[2026-06-04 07:30:02] [MILLOW] Good morning, sunshine! Millow's here to start the day! ✧⁠◝⁠(⁠⁰⁠▿⁠⁰⁠)⁠◜⁠✧
[2026-06-04 07:30:03] [MILLOW] How are you feeling today? Tell me everything! (⁠*⁠´⁠ω⁠｀⁠*⁠)
[2026-06-04 07:31:15] [USER] Memilih menu: (1) Edit data -> (1) Input data -> (1) Mood
[2026-06-04 07:32:00] [USER] Menambahkan catatan: (Skor: 8, Deskripsi: "Semangat banget hari ini karena cuaca cerah dan sarapan enak!")
[2026-06-04 07:32:01] [SYSTEM] Catatan suasana hati berhasil disimpan.
[2026-06-04 08:00:15] [USER] Memilih menu: (1) Edit data -> (1) Input data -> (2) Task
[2026-06-04 08:00:17] [MILLOW] Let's list those tasks! We can do this! ᕙ( • ‿ • )ᕗ
[2026-06-04 08:01:20] [USER] Menambahkan tugas: "Mengerjakan Tubes Alpro" (Durasi: 180, Prioritas: 1)
[2026-06-04 08:01:21] [SYSTEM] Tugas berhasil ditambahkan.
[2026-06-04 08:02:10] [USER] Menambahkan tugas: "Review materi Sorting" (Durasi: 60, Prioritas: 3)
[2026-06-04 08:02:11] [SYSTEM] Tugas berhasil ditambahkan.
[2026-06-04 08:03:00] [USER] Menambahkan tugas: "Rapat Himpunan" (Durasi: 90, Prioritas: 2)
[2026-06-04 08:03:01] [SYSTEM] Tugas berhasil ditambahkan.
[2026-06-04 08:05:00] [USER] Memilih menu: (3) Sort data -> (1) Sort Tasks -> (1) By Priority (Selection Sort)
[2026-06-04 08:05:02] [MILLOW] Sorting things out like magic! ✨(⁠ﾉ⁠◕⁠ヮ⁠◕⁠)⁠ﾉ⁠*⁠.⁠✧
[2026-06-04 08:05:03] [SYSTEM] Menampilkan daftar tugas terurut berdasarkan prioritas: 1. Mengerjakan Tubes Alpro, 2. Rapat Himpunan, 3. Review materi Sorting.
[2026-06-04 12:30:00] [USER] Memilih menu: (2) Search data -> (2) Search by Date (Binary Search) -> (1) Task
[2026-06-04 12:30:02] [MILLOW] Time-traveling to find your tasks! 🕒(⁠~⁠‾⁠▿⁠‾⁠)⁠~
[2026-06-04 12:30:15] [USER] Mencari tanggal: "2026-06-04"
[2026-06-04 12:30:16] [SYSTEM] Menampilkan 3 hasil pencarian tugas pada tanggal 2026-06-04.
[2026-06-04 18:45:00] [USER] Memilih menu: (4) Statistics
[2026-06-04 18:45:02] [MILLOW] Crunching the numbers! Let's see how awesome you did this week! 📊(⁠☆⁠▽⁠☆⁠)
[2026-06-04 18:45:04] [SYSTEM] Menampilkan statistik: Tren suasana hati mingguan (Rata-rata skor: 7.5), Tingkat penyelesaian tugas: 100%.
[2026-06-04 21:15:00] [USER] Memilih menu: (5) Exit
[2026-06-04 21:15:02] [MILLOW] Great job today! Rest well and see ya later! (⁠ ⁠˘⁠ ⁠³⁠˘⁠)⁠♥
[2026-06-04 21:15:03] [SYSTEM] Sesi ditutup.